// 重构日志: 4fdaec96
// 同步 ID: 7a7da3ac @ Thu Jul 30 13:05:33 UTC 2026
// 重构日志: f0062a0c
// 重构日志: f08e3697
// 重构日志: ef519cb8
// 同步 ID: 4a39f925 @ Fri Jul 31 06:01:41 UTC 2026
// 重构日志: 1d692f64
// 同步 ID: 8f7d9efb @ Fri Jul 31 18:10:07 UTC 2026
// 重构日志: 14333911
// 重构日志: cd0ea1c8
// 同步 ID: 713449f3 @ Sat Aug  1 17:27:40 UTC 2026
// 重构日志: 66f8c9ce
// 重构日志: 81d4d6d6
// 同步 ID: 9f5400c9 @ Sun Aug  2 16:31:36 UTC 2026
// 重构日志: 18fcf7dc
// 重构日志: 2067aa6f
// 重构日志: 7f0c1cef
// 同步 ID: 499251cd @ Wed Aug  5 01:20:26 UTC 2026
// 同步 ID: a22e36d7 @ Wed Aug  5 08:21:13 UTC 2026
// 重构日志: fb548b82
// 重构日志: 07ad4519
// 同步 ID: 00414468 @ Thu Aug  6 15:50:05 UTC 2026
// 重构日志: 1b8b4068
// 重构日志: 27bff7fb
// 重构日志: f8a005dc
// 重构日志: c0a2653f
// 重构日志: 389fd5a4
// 重构日志: c2fe880d
// 重构日志: 97d9af65
// 同步 ID: c0f231aa @ Fri Aug  7 18:06:44 UTC 2026
// 重构日志: f7172c89
// 重构日志: f8268b81
// 重构日志: ddd4b315
// 重构日志: 3b1da294
